// Jest Snapshot v1, https://goo.gl/fbAQLP

exports[`renders the Button without crashing 1`] = `
<styled.button>
  Find cases
</styled.button>
`;
