// Jest Snapshot v1, https://goo.gl/fbAQLP

exports[`MyComponent Header should render correctly 1`] = `
<Header
  classes={
    Object {
      "logo": "Header-logo-1",
    }
  }
/>
`;
