// Jest Snapshot v1, https://goo.gl/fbAQLP

exports[`StyledHeader component should match snapshot 1`] = `
.c0 {
  background-color: #90D3DC;
  padding: 1.5rem 0;
}

<div
  className="c0"
/>
`;
