// Jest Snapshot v1, https://goo.gl/fbAQLP

exports[`<Page /> spec renders the component 1`] = `
Object {
  "asFragment": [Function],
  "baseElement": <body>
    <div>
      <div
        class="sc-bxivhb MsVIk"
      >
        <div
          class="sc-ifAKCX jpirIC"
        >
          <a
            class="sc-EHOje iAEShO"
          >
            <svg
              aria-hidden="true"
              class="svg-inline--fa fa-chevron-left fa-w-10 fa-2x sc-htpNat KtFsv"
              data-icon="chevron-left"
              data-prefix="fas"
              focusable="false"
              role="img"
              viewBox="0 0 320 512"
              xmlns="http://www.w3.org/2000/svg"
            >
              <path
                d="M34.52 239.03L228.87 44.69c9.37-9.37 24.57-9.37 33.94 0l22.67 22.67c9.36 9.36 9.37 24.52.04 33.9L131.49 256l154.02 154.75c9.34 9.38 9.32 24.54-.04 33.9l-22.67 22.67c-9.37 9.37-24.57 9.37-33.94 0L34.52 272.97c-9.37-9.37-9.37-24.57 0-33.94z"
                fill="currentColor"
              />
            </svg>
          </a>
          <a
            class="sc-EHOje iAEShO"
          >
            <span
              class="sc-bdVaJa iIMtwm"
            >
              3
            </span>
          </a>
          <a
            class="sc-EHOje iAEShO"
          >
            <span
              class="sc-bdVaJa iIMtwm"
            >
              4
            </span>
          </a>
          <a
            class="sc-EHOje eLtbHC"
          >
            <span
              class="sc-bdVaJa iIMtwm"
            >
              5
            </span>
          </a>
          <a
            class="sc-EHOje iAEShO"
          >
            <span
              class="sc-bdVaJa iIMtwm"
            >
              6
            </span>
          </a>
          <a
            class="sc-EHOje iAEShO"
          >
            <span
              class="sc-bdVaJa iIMtwm"
            >
              7
            </span>
          </a>
          <a
            class="sc-EHOje iAEShO"
          >
            <svg
              aria-hidden="true"
              class="svg-inline--fa fa-chevron-right fa-w-10 fa-2x sc-htpNat KtFsv"
              data-icon="chevron-right"
              data-prefix="fas"
              focusable="false"
              role="img"
              viewBox="0 0 320 512"
              xmlns="http://www.w3.org/2000/svg"
            >
              <path
                d="M285.476 272.971L91.132 467.314c-9.373 9.373-24.569 9.373-33.941 0l-22.667-22.667c-9.357-9.357-9.375-24.522-.04-33.901L188.505 256 34.484 101.255c-9.335-9.379-9.317-24.544.04-33.901l22.667-22.667c9.373-9.373 24.569-9.373 33.941 0L285.475 239.03c9.373 9.372 9.373 24.568.001 33.941z"
                fill="currentColor"
              />
            </svg>
          </a>
        </div>
      </div>
    </div>
  </body>,
  "container": <div>
    <div
      class="sc-bxivhb MsVIk"
    >
      <div
        class="sc-ifAKCX jpirIC"
      >
        <a
          class="sc-EHOje iAEShO"
        >
          <svg
            aria-hidden="true"
            class="svg-inline--fa fa-chevron-left fa-w-10 fa-2x sc-htpNat KtFsv"
            data-icon="chevron-left"
            data-prefix="fas"
            focusable="false"
            role="img"
            viewBox="0 0 320 512"
            xmlns="http://www.w3.org/2000/svg"
          >
            <path
              d="M34.52 239.03L228.87 44.69c9.37-9.37 24.57-9.37 33.94 0l22.67 22.67c9.36 9.36 9.37 24.52.04 33.9L131.49 256l154.02 154.75c9.34 9.38 9.32 24.54-.04 33.9l-22.67 22.67c-9.37 9.37-24.57 9.37-33.94 0L34.52 272.97c-9.37-9.37-9.37-24.57 0-33.94z"
              fill="currentColor"
            />
          </svg>
        </a>
        <a
          class="sc-EHOje iAEShO"
        >
          <span
            class="sc-bdVaJa iIMtwm"
          >
            3
          </span>
        </a>
        <a
          class="sc-EHOje iAEShO"
        >
          <span
            class="sc-bdVaJa iIMtwm"
          >
            4
          </span>
        </a>
        <a
          class="sc-EHOje eLtbHC"
        >
          <span
            class="sc-bdVaJa iIMtwm"
          >
            5
          </span>
        </a>
        <a
          class="sc-EHOje iAEShO"
        >
          <span
            class="sc-bdVaJa iIMtwm"
          >
            6
          </span>
        </a>
        <a
          class="sc-EHOje iAEShO"
        >
          <span
            class="sc-bdVaJa iIMtwm"
          >
            7
          </span>
        </a>
        <a
          class="sc-EHOje iAEShO"
        >
          <svg
            aria-hidden="true"
            class="svg-inline--fa fa-chevron-right fa-w-10 fa-2x sc-htpNat KtFsv"
            data-icon="chevron-right"
            data-prefix="fas"
            focusable="false"
            role="img"
            viewBox="0 0 320 512"
            xmlns="http://www.w3.org/2000/svg"
          >
            <path
              d="M285.476 272.971L91.132 467.314c-9.373 9.373-24.569 9.373-33.941 0l-22.667-22.667c-9.357-9.357-9.375-24.522-.04-33.901L188.505 256 34.484 101.255c-9.335-9.379-9.317-24.544.04-33.901l22.667-22.667c9.373-9.373 24.569-9.373 33.941 0L285.475 239.03c9.373 9.372 9.373 24.568.001 33.941z"
              fill="currentColor"
            />
          </svg>
        </a>
      </div>
    </div>
  </div>,
  "debug": [Function],
  "findAllByAltText": [Function],
  "findAllByDisplayValue": [Function],
  "findAllByLabelText": [Function],
  "findAllByPlaceholderText": [Function],
  "findAllByRole": [Function],
  "findAllByTestId": [Function],
  "findAllByText": [Function],
  "findAllByTitle": [Function],
  "findByAltText": [Function],
  "findByDisplayValue": [Function],
  "findByLabelText": [Function],
  "findByPlaceholderText": [Function],
  "findByRole": [Function],
  "findByTestId": [Function],
  "findByText": [Function],
  "findByTitle": [Function],
  "getAllByAltText": [Function],
  "getAllByDisplayValue": [Function],
  "getAllByLabelText": [Function],
  "getAllByPlaceholderText": [Function],
  "getAllByRole": [Function],
  "getAllByTestId": [Function],
  "getAllByText": [Function],
  "getAllByTitle": [Function],
  "getByAltText": [Function],
  "getByDisplayValue": [Function],
  "getByLabelText": [Function],
  "getByPlaceholderText": [Function],
  "getByRole": [Function],
  "getByTestId": [Function],
  "getByText": [Function],
  "getByTitle": [Function],
  "queryAllByAltText": [Function],
  "queryAllByDisplayValue": [Function],
  "queryAllByLabelText": [Function],
  "queryAllByPlaceholderText": [Function],
  "queryAllByRole": [Function],
  "queryAllByTestId": [Function],
  "queryAllByText": [Function],
  "queryAllByTitle": [Function],
  "queryByAltText": [Function],
  "queryByDisplayValue": [Function],
  "queryByLabelText": [Function],
  "queryByPlaceholderText": [Function],
  "queryByRole": [Function],
  "queryByTestId": [Function],
  "queryByText": [Function],
  "queryByTitle": [Function],
  "rerender": [Function],
  "unmount": [Function],
}
`;
