// Jest Snapshot v1, https://goo.gl/fbAQLP

exports[`ComPaginator should match a snapshot 1`] = `
<div
  className="ComPaginator"
>
  <ul
    className="pagination"
  >
    <li
      className="page-item link"
    >
      <a
        className="page-link"
        href="/test/1"
        onClick={[Function]}
      >
        &lt;&lt;
      </a>
    </li>
    <li
      className="page-item link"
    >
      <a
        className="page-link"
        href="/test/2"
        onClick={[Function]}
      >
        &lt;
      </a>
    </li>
    <li
      className="page-item link"
    >
      <a
        className="page-link"
        href="/test/1"
        onClick={[Function]}
      >
        1
      </a>
    </li>
    <li
      className="page-item link"
    >
      <a
        className="page-link"
        href="/test/2"
        onClick={[Function]}
      >
        2
      </a>
    </li>
    <li
      className="page-item link active"
    >
      <a
        className="page-link"
        href="/test/3"
        onClick={[Function]}
      >
        3
      </a>
    </li>
    <li
      className="page-item link"
    >
      <a
        className="page-link"
        href="/test/4"
        onClick={[Function]}
      >
        4
      </a>
    </li>
    <li
      className="page-item link"
    >
      <a
        className="page-link"
        href="/test/5"
        onClick={[Function]}
      >
        5
      </a>
    </li>
    <li
      className="page-item"
    >
      <div>
        <select
          className="page-link"
          onChange={[Function]}
        >
          <option>
            . . . .
          </option>
          <option>
            6
          </option>
          <option>
            7
          </option>
          <option>
            8
          </option>
          <option>
            9
          </option>
          <option>
            10
          </option>
          <option>
            11
          </option>
          <option>
            12
          </option>
          <option>
            13
          </option>
          <option>
            14
          </option>
          <option>
            15
          </option>
          <option>
            16
          </option>
          <option>
            17
          </option>
          <option>
            18
          </option>
          <option>
            19
          </option>
          <option>
            20
          </option>
          <option>
            21
          </option>
          <option>
            22
          </option>
          <option>
            23
          </option>
          <option>
            24
          </option>
          <option>
            25
          </option>
          <option>
            26
          </option>
          <option>
            27
          </option>
          <option>
            28
          </option>
          <option>
            29
          </option>
          <option>
            30
          </option>
          <option>
            31
          </option>
        </select>
      </div>
    </li>
    <li
      className="page-item link"
    >
      <a
        className="page-link"
        href="/test/4"
        onClick={[Function]}
      >
        &gt;
      </a>
    </li>
    <li
      className="page-item link"
    >
      <a
        className="page-link"
        href="/test/31"
        onClick={[Function]}
      >
        &gt;&gt;
      </a>
    </li>
  </ul>
</div>
`;
