// Jest Snapshot v1, https://goo.gl/fbAQLP

exports[`IncidentTextBlock should render correctly 1`] = `
<IncidentTextBlock>
  <styled.div>
    <StyledComponent
      forwardedComponent={
        Object {
          "$$typeof": Symbol(react.forward_ref),
          "attrs": Array [],
          "componentStyle": ComponentStyle {
            "componentId": "sc-bdVaJa",
            "isStatic": true,
            "lastClassName": "iHKzYc",
            "rules": Array [
              "
    display: flex;
    flex-direction: column;

    ",
              "
        @media ",
              "(min-width: ",
              "480",
              "px)",
              " {
            ",
              "
    	padding: 0 15px;
	",
              "
        }
    ",
              "
",
            ],
          },
          "displayName": "styled.div",
          "foldedComponentIds": Array [],
          "render": [Function],
          "styledComponentId": "sc-bdVaJa",
          "target": "div",
          "toString": [Function],
          "warnTooManyClasses": [Function],
          "withComponent": [Function],
        }
      }
      forwardedRef={null}
    >
      <div
        className="sc-bdVaJa iHKzYc"
      />
    </StyledComponent>
  </styled.div>
</IncidentTextBlock>
`;
